
> codeProps@1.0.0 build
> next build

   ▲ Next.js 15.5.9
   - Environments: .env

   Creating an optimized production build ...
 ✓ Compiled successfully in 5.1s
   Linting and checking validity of types ...
   Collecting page data ...
   Generating static pages (0/84) ...
   Generating static pages (21/84) 
   Generating static pages (42/84) 
   Generating static pages (63/84) 
 ✓ Generating static pages (84/84)
   Finalizing page optimization ...
   Collecting build traces ...
   Exporting (0/2) ...
 ✓ Exporting (2/2)

Route (app)                                            Size  First Load JS
┌ ○ /                                                 144 B         208 kB
├ ○ /_not-found                                       144 B         208 kB
├ ● /[locale]                                       3.83 kB         257 kB
├   ├ /en
├   ├ /de
├   └ /ar
├ ● /[locale]/about                                  3.8 kB         257 kB
├   ├ /en/about
├   ├ /de/about
├   └ /ar/about
├ ● /[locale]/blog                                  3.67 kB         251 kB
├   ├ /en/blog
├   ├ /de/blog
├   └ /ar/blog
├ ● /[locale]/blog/[slug]                           1.64 kB         220 kB
├   ├ /en/blog/architecture-low-latency
├   ├ /en/blog/technical-seo-infrastructure
├   ├ /en/blog/legacy-architecture-cost
├   └ [+6 more paths]
├ ● /[locale]/contact                               4.21 kB         252 kB
├   ├ /en/contact
├   ├ /de/contact
├   └ /ar/contact
├ ● /[locale]/portfolio                             5.29 kB         253 kB
├   ├ /en/portfolio
├   ├ /de/portfolio
├   └ /ar/portfolio
├ ● /[locale]/portfolio/[slug]                       3.7 kB         251 kB
├   ├ /en/portfolio/custom-ecommerce-platform
├   ├ /en/portfolio/arabic-woocommerce-store
├   ├ /en/portfolio/canadian-painting-landing-page
├   └ [+27 more paths]
├ ● /[locale]/privacy                                 144 B         208 kB
├   ├ /en/privacy
├   ├ /de/privacy
├   └ /ar/privacy
├ ● /[locale]/services                              1.88 kB         216 kB
├   ├ /en/services
├   ├ /de/services
├   └ /ar/services
├ ● /[locale]/services/[slug]                       2.46 kB         250 kB
├   ├ /en/services/web
├   ├ /en/services/custom
├   ├ /en/services/ecommerce
├   └ [+12 more paths]
├ ● /[locale]/terms                                   144 B         208 kB
├   ├ /en/terms
├   ├ /de/terms
├   └ /ar/terms
├ ○ /robots.txt                                       144 B         208 kB
└ ○ /sitemap.xml                                      144 B         208 kB
+ First Load JS shared by all                        208 kB
  ├ chunks/framework-0145ee0d5f2880d8.js             205 kB
  └ other shared chunks (total)                     2.94 kB


○  (Static)  prerendered as static content
●  (SSG)     prerendered as static HTML (uses generateStaticParams)

