
> codeProps@1.0.0 build
> next build

   ▲ Next.js 15.5.9
   - Environments: .env.local

   Creating an optimized production build ...
node.exe : 
At line:1 char:1
+ & "C:\Program Files\nodejs/node.exe" 
"C:\Users\hp\AppData\Roaming\npm ...
+ ~~~~~~~~~~~~~~~~~~~~~~~~~~~~~~~~~~~~~~~~~~~~~~~~~~~~
~~~~~~~~~~~~~~~~~
    + CategoryInfo          : NotSpecified: (:String) 
    [], RemoteException
    + FullyQualifiedErrorId : NativeCommandError
 
[1m[33mwarn[39m[22m - The class `duration-[4s]` 
is ambiguous and matches multiple utilities.
[1m[33mwarn[39m[22m - If this is content and not 
a class, replace it with `duration-&lsqb;4s&rsqb;` to 
silence this warning.
 ✓ Compiled successfully in 9.3s
   Linting and checking validity of types ...
Failed to compile.

./components/contact/mini-contact.tsx:38:28
Type error: Type '{ name: string; email: string; 
message: string; send: string; }' is missing the 
following properties from type '{ name: string; 
email: string; subject: string; projectType: string; 
projectTypes: { web: string; mobile: string; cloud: 
string; consulting: string; other: string; }; 
message: string; send: string; success_title: string; 
success_message: string; error: string; }': subject, 
projectType, projectTypes, success_title, and 2 more.

[0m [90m 36 |[39m             
[33m<[39m[33mGlowEffect[39m 
size[33m=[39m[32m"lg"[39m 
className[33m=[39m[32m"inset-0 opacity-20"[39m 
[33m/[39m[33m>[39m
 [90m 37 |[39m             
[33m<[39m[33mGlassCard[39m 
className[33m=[39m[32m"p-8 md:p-10 shadow-2xl 
shadow-primary/5"[39m[33m>[39m
[31m[1m>[22m[39m[90m 38 |[39m               
[33m<[39m[33mContactForm[39m 
translations[33m=[39m{translations[33m.[39mform} 
[33m/[39m[33m>[39m
 [90m    |[39m                            
[31m[1m^[22m[39m
 [90m 39 |[39m             
[33m<[39m[33m/[39m[33mGlassCard[39m[33m>[39m
 [90m 40 |[39m           
[33m<[39m[33m/[39m[33mdiv[39m[33m>[39m
 [90m 41 |[39m         
[33m<[39m[33m/[39m[33mdiv[39m[33m>[39m[0m
Next.js build worker exited with code: 1 and signal: 
null
